ARM Linker, 4.1 [Build 481] [Standard]

==============================================================================

Section Cross References

    boot.o(boot) refers to boot.o(System) for system_stack_base
    boot.o(boot) refers to syscall.o(system_call) for syscall_exception
    boot.o(boot) refers to ticker.o(.text) for systimer_exception
    boot.o(boot) refers to can.o(.text) for can_exception
    boot.o(boot) refers to cpu.o(.text) for cpu_init
    boot.o(boot) refers to kernel.o(.text) for startup
    cpu.o(.text) refers to system_init.o(.text) for system_clock_init
    cpu.o(.text) refers to interrupt.o(.text) for vic_setup
    cpu.o(.text) refers to kernel.o(.text) for exit
    cpu.o(aConsoleServices) refers to cpu.o(.conststrlit) for .conststrlit
    cpu.o(aConsoleServices) refers to cpu.o(.text) for restart
    system_init.o(.text) refers to system_init.o(i.write_dword) for write_dword
    system_init.o(.text) refers to system_init.o(i.dword_set_bits) for dword_set_bits
    memory.o(.text) refers to printk.o(.text) for printk
    memory.o(.text) refers to memory.o(.constdata) for aMemorySegments
    memory.o(aConsoleServices) refers to memory.o(.conststrlit) for .conststrlit
    memory.o(aConsoleServices) refers to memory.o(.text) for heap
    syscall.o(system_call) refers to kernel.o(.text) for shift_thread
    syscall.o(system_call) refers to kernel.o(.data) for OS_This
    interrupt.o(.text) refers to bit.o(.text) for bit_scan_forward
    interrupt.o(.text) refers to interrupt.o(.data) for LowBitIndex
    device.o(.text) refers to printk.o(.text) for printk
    device.o(.text) refers to device.o(.constdata) for .constdata
    timer.o(.text) refers to system_init.o(i.write_dword) for write_dword
    millisecond.o(.text) refers to timer.o(.text) for timer_setup
    millisecond.o(.text) refers to millisecond.o(.constdata) for mtimer_features
    millisecond.o(.data) refers to millisecond.o(.text) for mtimer_setup
    millisecond.o(aDeviceList) refers to millisecond.o(.conststrlit) for .conststrlit
    millisecond.o(aDeviceList) refers to millisecond.o(.data) for mtimer
    ticker.o(.text) refers to ticker.o(i.get_left_time) for get_left_time
    ticker.o(.text) refers to ticker.o(i.set_time) for set_time
    ticker.o(.text) refers to system_init.o(i.write_dword) for write_dword
    ticker.o(.text) refers to interrupt.o(.text) for irq_register
    ticker.o(.text) refers to ticker.o(.data) for OS_pTimer
    ticker.o(.text) refers to kernel.o(.bss) for OS_ActiveProc
    ticker.o(.text) refers to kernel.o(.data) for OS_ActivePrio
    can.o(.text) refers to rt_memcpy_v6.o(.text) for __aeabi_memcpy
    can.o(.text) refers to system_init.o(i.write_dword) for write_dword
    can.o(.text) refers to pipe.o(.text) for pipe_write
    can.o(.text) refers to mailbox.o(.text) for mail_post
    can.o(.text) refers to can_filter.o(.text) for can_filter_setup
    can.o(.text) refers to can.o(i.can_ctrl_mode) for can_ctrl_mode
    can.o(.text) refers to system_init.o(i.dword_set_bits) for dword_set_bits
    can.o(.text) refers to interrupt.o(.text) for irq_register
    can_filter.o(.text) refers to system_init.o(i.write_dword) for write_dword
    can_filter.o(.text) refers to can_filter.o(.data) for InitCounter
    can0.o(.text) refers to can.o(.text) for can_setup
    can0.o(.text) refers to can0.o(.data) for can0_feature
    can0.o(.constdata) refers to can0.o(.text) for can0_setup
    can0.o(aDeviceList) refers to can0.o(.conststrlit) for .conststrlit
    can0.o(aDeviceList) refers to can0.o(.constdata) for can0
    can1.o(.text) refers to can.o(.text) for can_setup
    can1.o(.text) refers to can1.o(.data) for can1_feature
    can1.o(.constdata) refers to can1.o(.text) for can1_setup
    can1.o(aDeviceList) refers to can1.o(.conststrlit) for .conststrlit
    can1.o(aDeviceList) refers to can1.o(.constdata) for can1
    uart.o(.text) refers to system_init.o(i.write_dword) for write_dword
    uart.o(.text) refers to system_init.o(i.dword_set_bits) for dword_set_bits
    uart0.o(.text) refers to uart.o(.text) for uart_setup
    uart0.o(.text) refers to uart0.o(.constdata) for uart0_info
    uart0.o(.constdata) refers to uart0.o(.text) for uart0_setup
    uart0.o(aDeviceList) refers to uart0.o(.conststrlit) for .conststrlit
    uart0.o(aDeviceList) refers to uart0.o(.constdata) for uart0
    led2.o(.constdata) refers to led2.o(.text) for led2_setup
    led2.o(aDeviceList) refers to led2.o(.conststrlit) for .conststrlit
    led2.o(aDeviceList) refers to led2.o(.constdata) for led2
    kernel.o(.text) refers to kernel.o(i.atom_operate_lock) for atom_operate_lock
    kernel.o(.text) refers to ticker.o(.text) for OS_timer_del
    kernel.o(.text) refers to kernel.o(i.atom_operate_unlock) for atom_operate_unlock
    kernel.o(.text) refers to kernel.o(i.OS_thread_switch) for OS_thread_switch
[...]
    ../../signal.c                           0x00000000   Number         0  defsig_abrt_inner.o ABSOLUTE
    ../../signal.c                           0x00000000   Number         0  defsig_general.o ABSOLUTE
    ../../signal.c                           0x00000000   Number         0  __raise.o ABSOLUTE
    ../../signal.c                           0x00000000   Number         0  defsig_rtmem_inner.o ABSOLUTE
    ../../signal.c                           0x00000000   Number         0  defsig_exit.o ABSOLUTE
    ../../signal.c                           0x00000000   Number         0  defsig_rtred_inner.o ABSOLUTE
    ../../signal.c                           0x00000000   Number         0  defsig_rtmem_formal.o ABSOLUTE
    ../../signal.c                           0x00000000   Number         0  defsig_rtmem_outer.o ABSOLUTE
    ../../signal.c                           0x00000000   Number         0  defsig_pvfn_inner.o ABSOLUTE
    ../../signal.c                           0x00000000   Number         0  defsig_cppl_inner.o ABSOLUTE
    ../../signal.c                           0x00000000   Number         0  defsig_segv_inner.o ABSOLUTE
    ../../signal.c                           0x00000000   Number         0  defsig_stak_inner.o ABSOLUTE
    ../../signal.c                           0x00000000   Number         0  defsig_other.o ABSOLUTE
    ../../signal.s                           0x00000000   Number         0  defsig.o ABSOLUTE
    ../../string.c                           0x00000000   Number         0  memcmp.o ABSOLUTE
    ../../string.c                           0x00000000   Number         0  strlen.o ABSOLUTE
    ../../usenofp.s                          0x00000000   Number         0  usenofp.o ABSOLUTE
    ..\..\ChinaOS\architecture\arm\cortex-m3\boot.s 0x00000000   Number         0  boot.o ABSOLUTE
    ..\..\ChinaOS\architecture\arm\cortex-m3\cpu.c 0x00000000   Number         0  cpu.o ABSOLUTE
    ..\..\ChinaOS\architecture\arm\cortex-m3\nvic\interrupt.c 0x00000000   Number         0  interrupt.o ABSOLUTE
    ..\..\ChinaOS\architecture\arm\cortex-m3\nxp\lpc1766\can_repeater\device.c 0x00000000   Number         0  device.o ABSOLUTE
    ..\..\ChinaOS\architecture\arm\cortex-m3\nxp\lpc1766\can_repeater\memory.c 0x00000000   Number         0  memory.o ABSOLUTE
    ..\..\ChinaOS\architecture\arm\cortex-m3\nxp\lpc1766\ticker\ticker.c 0x00000000   Number         0  ticker.o ABSOLUTE
    ..\..\ChinaOS\architecture\arm\cortex-m3\syscall.s 0x00000000   Number         0  syscall.o ABSOLUTE
    ..\..\ChinaOS\kernel\kernel.c            0x00000000   Number         0  kernel.o ABSOLUTE
    ..\..\ChinaOS\kernel\mailbox\mailbox.c   0x00000000   Number         0  mailbox.o ABSOLUTE
    ..\..\ChinaOS\kernel\pipe\pipe.c         0x00000000   Number         0  pipe.o ABSOLUTE
    ..\..\ChinaOS\kernel\semaphore\semaphore.c 0x00000000   Number         0  semaphore.o ABSOLUTE
    ..\..\ChinaOS\library\bit\bit.c          0x00000000   Number         0  bit.o ABSOLUTE
    ..\..\ChinaOS\library\console\commmand.c 0x00000000   Number         0  commmand.o ABSOLUTE
    ..\..\ChinaOS\library\console\console.c  0x00000000   Number         0  console.o ABSOLUTE
    ..\..\ChinaOS\library\malloc\malloc.c    0x00000000   Number         0  malloc.o ABSOLUTE
    ..\..\ChinaOS\library\printk.c           0x00000000   Number         0  printk.o ABSOLUTE
    ..\..\ChinaOS\library\sysio\sysio.c      0x00000000   Number         0  sysio.o ABSOLUTE
    X:\ChinaOS\ChinaOS\architecture\arm\cortex-m3\nxp\lpc1766\can\can.c 0x00000000   Number         0  can.o ABSOLUTE
    X:\ChinaOS\ChinaOS\architecture\arm\cortex-m3\nxp\lpc1766\can\can0.c 0x00000000   Number         0  can0.o ABSOLUTE
    X:\ChinaOS\ChinaOS\architecture\arm\cortex-m3\nxp\lpc1766\can\can1.c 0x00000000   Number         0  can1.o ABSOLUTE
    X:\ChinaOS\ChinaOS\architecture\arm\cortex-m3\nxp\lpc1766\can\can_filter.c 0x00000000   Number         0  can_filter.o ABSOLUTE
    X:\ChinaOS\ChinaOS\architecture\arm\cortex-m3\nxp\lpc1766\can_repeater\led2\led2.c 0x00000000   Number         0  led2.o ABSOLUTE
    X:\ChinaOS\ChinaOS\architecture\arm\cortex-m3\nxp\lpc1766\system_init.c 0x00000000   Number         0  system_init.o ABSOLUTE
    X:\ChinaOS\ChinaOS\architecture\arm\cortex-m3\nxp\lpc1766\timer\millisecond.c 0x00000000   Number         0  millisecond.o ABSOLUTE
    X:\ChinaOS\ChinaOS\architecture\arm\cortex-m3\nxp\lpc1766\timer\timer.c 0x00000000   Number         0  timer.o ABSOLUTE
    X:\ChinaOS\ChinaOS\architecture\arm\cortex-m3\nxp\lpc1766\uart\uart.c 0x00000000   Number         0  uart.o ABSOLUTE
    X:\ChinaOS\ChinaOS\architecture\arm\cortex-m3\nxp\lpc1766\uart\uart0\uart0.c 0x00000000   Number         0  uart0.o ABSOLUTE
    dc.s                                     0x00000000   Number         0  dc.o ABSOLUTE
    home\main.c                              0x00000000   Number         0  main.o ABSOLUTE
    home\thread_1\thread_1.c                 0x00000000   Number         0  thread_1.o ABSOLUTE
    home\thread_2\thread_2.c                 0x00000000   Number         0  thread_2.o ABSOLUTE
    reset_exception                          0x000000cd   Thumb Code     0  boot.o(boot)
    hard_faults                              0x000000fd   Thumb Code     0  boot.o(boot)
    memory_manage_faults                     0x000000ff   Thumb Code     0  boot.o(boot)
    bus_faults                               0x00000101   Thumb Code     0  boot.o(boot)
    usage_faults                             0x00000103   Thumb Code     0  boot.o(boot)
    default_service                          0x00000105   Thumb Code     0  boot.o(boot)
    !!!main                                  0x00000118   Section        8  __main.o(!!!main)
    !!!scatter                               0x00000120   Section       52  __scatter.o(!!!scatter)
    !!handler_copy                           0x00000154   Section       26  __scatter_copy.o(!!handler_copy)
    !!handler_zi                             0x00000170   Section       28  __scatter_zi.o(!!handler_zi)
    .ARM.Collect$$_printf_percent$$00000000  0x0000018c   Section        0  _printf_percent.o(.ARM.Collect$$_printf_percent$$00000000)
    .ARM.Collect$$_printf_percent$$00000001  0x0000018c   Section        6  _printf_n.o(.ARM.Collect$$_printf_percent$$00000001)
    .ARM.Collect$$_printf_percent$$00000002  0x00000192   Section        6  _printf_p.o(.ARM.Collect$$_printf_percent$$00000002)
    .ARM.Collect$$_printf_percent$$00000003  0x00000198   Section        6  _printf_f.o(.ARM.Collect$$_printf_percent$$00000003)
    .ARM.Collect$$_printf_percent$$00000004  0x0000019e   Section        6  _printf_e.o(.ARM.Collect$$_printf_percent$$00000004)
    .ARM.Collect$$_printf_percent$$00000005  0x000001a4   Section        6  _printf_g.o(.ARM.Collect$$_printf_percent$$00000005)
    .ARM.Collect$$_printf_percent$$00000006  0x000001aa   Section        6  _printf_a.o(.ARM.Collect$$_printf_percent$$00000006)
    .ARM.Collect$$_printf_percent$$00000007  0x000001b0   Section       10  _printf_ll.o(.ARM.Collect$$_printf_percent$$00000007)
    .ARM.Collect$$_printf_percent$$00000008  0x000001ba   Section        6  _printf_i.o(.ARM.Collect$$_printf_percent$$00000008)
    .ARM.Collect$$_printf_percent$$00000009  0x000001c0   Section        6  _printf_d.o(.ARM.Collect$$_printf_percent$$00000009)
    .ARM.Collect$$_printf_percent$$0000000A  0x000001c6   Section        6  _printf_u.o(.ARM.Collect$$_printf_percent$$0000000A)
    .ARM.Collect$$_printf_percent$$0000000B  0x000001cc   Section        6  _printf_o.o(.ARM.Collect$$_printf_percent$$0000000B)
    .ARM.Collect$$_printf_percent$$0000000C  0x000001d2   Section        6  _printf_x.o(.ARM.Collect$$_printf_percent$$0000000C)
    .ARM.Collect$$_printf_percent$$0000000D  0x000001d8   Section        6  _printf_lli.o(.ARM.Collect$$_printf_percent$$0000000D)
    .ARM.Collect$$_printf_percent$$0000000E  0x000001de   Section        6  _printf_lld.o(.ARM.Collect$$_printf_percent$$0000000E)
    .ARM.Collect$$_printf_percent$$0000000F  0x000001e4   Section        6  _printf_llu.o(.ARM.Collect$$_printf_percent$$0000000F)
    .ARM.Collect$$_printf_percent$$00000010  0x000001ea   Section        6  _printf_llo.o(.ARM.Collect$$_printf_percent$$00000010)
    .ARM.Collect$$_printf_percent$$00000011  0x000001f0   Section        6  _printf_llx.o(.ARM.Collect$$_printf_percent$$00000011)
    .ARM.Collect$$_printf_percent$$00000012  0x000001f6   Section       10  _printf_l.o(.ARM.Collect$$_printf_percent$$00000012)
    .ARM.Collect$$_printf_percent$$00000013  0x00000200   Section        6  _printf_c.o(.ARM.Collect$$_printf_percent$$00000013)
    .ARM.Collect$$_printf_percent$$00000014  0x00000206   Section        6  _printf_s.o(.ARM.Collect$$_printf_percent$$00000014)
    .ARM.Collect$$_printf_percent$$00000015  0x0000020c   Section        6  _printf_lc.o(.ARM.Collect$$_printf_percent$$00000015)
    .ARM.Collect$$_printf_percent$$00000016  0x00000212   Section        6  _printf_ls.o(.ARM.Collect$$_printf_percent$$00000016)
    .ARM.Collect$$_printf_percent$$00000017  0x00000218   Section        4  _printf_percent_end.o(.ARM.Collect$$_printf_percent$$00000017)
    .ARM.Collect$$libinit$$00000000          0x0000021c   Section        6  libinit.o(.ARM.Collect$$libinit$$00000000)
    .ARM.Collect$$libinit$$00000006          0x00000222   Section        0  libinit2.o(.ARM.Collect$$libinit$$00000006)
    .ARM.Collect$$libinit$$00000008          0x00000222   Section        0  libinit2.o(.ARM.Collect$$libinit$$00000008)
    .ARM.Collect$$libinit$$0000000A          0x00000222   Section        0  libinit2.o(.ARM.Collect$$libinit$$0000000A)
    .ARM.Collect$$libinit$$0000000B          0x00000222   Section        6  libinit2.o(.ARM.Collect$$libinit$$0000000B)
    .ARM.Collect$$libinit$$0000000D          0x00000228   Section        0  libinit2.o(.ARM.Collect$$libinit$$0000000D)
    .ARM.Collect$$libinit$$0000000E          0x00000228   Section       12  libinit2.o(.ARM.Collect$$libinit$$0000000E)
    .ARM.Collect$$libinit$$0000000F          0x00000234   Section        0  libinit2.o(.ARM.Collect$$libinit$$0000000F)
    .ARM.Collect$$libinit$$00000011          0x00000234   Section        0  libinit2.o(.ARM.Collect$$libinit$$00000011)
    .ARM.Collect$$libinit$$00000012          0x00000234   Section       10  libinit2.o(.ARM.Collect$$libinit$$00000012)
    .ARM.Collect$$libinit$$00000013          0x0000023e   Section        0  libinit2.o(.ARM.Collect$$libinit$$00000013)
    .ARM.Collect$$libinit$$00000015          0x0000023e   Section        0  libinit2.o(.ARM.Collect$$libinit$$00000015)
    .ARM.Collect$$libinit$$00000017          0x0000023e   Section        0  libinit2.o(.ARM.Collect$$libinit$$00000017)
    .ARM.Collect$$libinit$$00000019          0x0000023e   Section        0  libinit2.o(.ARM.Collect$$libinit$$00000019)
    .ARM.Collect$$libinit$$0000001B          0x0000023e   Section        0  libinit2.o(.ARM.Collect$$libinit$$0000001B)
    .ARM.Collect$$libinit$$0000001D          0x0000023e   Section        0  libinit2.o(.ARM.Collect$$libinit$$0000001D)
    .ARM.Collect$$libinit$$0000001F          0x0000023e   Section        0  libinit2.o(.ARM.Collect$$libinit$$0000001F)
    .ARM.Collect$$libinit$$00000021          0x0000023e   Section        0  libinit2.o(.ARM.Collect$$libinit$$00000021)
    .ARM.Collect$$libinit$$00000028          0x0000023e   Section        0  libinit2.o(.ARM.Collect$$libinit$$00000028)
    .ARM.Collect$$libinit$$0000002A          0x0000023e   Section        0  libinit2.o(.ARM.Collect$$libinit$$0000002A)
    .ARM.Collect$$libinit$$0000002C          0x0000023e   Section        0  libinit2.o(.ARM.Collect$$libinit$$0000002C)
    .ARM.Collect$$libinit$$0000002E          0x0000023e   Section        0  libinit2.o(.ARM.Collect$$libinit$$0000002E)
    .ARM.Collect$$libinit$$0000002F          0x0000023e   Section        2  libinit2.o(.ARM.Collect$$libinit$$0000002F)
    .ARM.Collect$$rtentry$$00000000          0x00000240   Section        0  rtentry.o(.ARM.Collect$$rtentry$$00000000)
    .ARM.Collect$$rtentry$$00000002          0x00000240   Section        0  rtentry2.o(.ARM.Collect$$rtentry$$00000002)
    .ARM.Collect$$rtentry$$00000004          0x00000240   Section        6  rtentry4.o(.ARM.Collect$$rtentry$$00000004)
    .ARM.Collect$$rtentry$$00000009          0x00000246   Section        0  rtentry2.o(.ARM.Collect$$rtentry$$00000009)
    .ARM.Collect$$rtentry$$0000000A          0x00000246   Section        4  rtentry2.o(.ARM.Collect$$rtentry$$0000000A)
    .ARM.Collect$$rtentry$$0000000C          0x0000024a   Section        0  rtentry2.o(.ARM.Collect$$rtentry$$0000000C)
    .ARM.Collect$$rtentry$$0000000D          0x0000024a   Section        8  rtentry2.o(.ARM.Collect$$rtentry$$0000000D)
    .text                                    0x00000254   Section        0  cpu.o(.text)
    .text                                    0x000002d8   Section        0  system_init.o(.text)
    .text                                    0x000003c0   Section        0  memory.o(.text)
    .text                                    0x00000424   Section        0  interrupt.o(.text)
    read_priority_bits                       0x00000425   Thumb Code    28  interrupt.o(.text)
    .text                                    0x000004fc   Section        0  device.o(.text)
    .text                                    0x00000550   Section        0  ticker.o(.text)
    .text                                    0x0000072c   Section        0  can.o(.text)
    can_handle                               0x0000072d   Thumb Code    64  can.o(.text)
    .text                                    0x000008e8   Section        0  can_filter.o(.text)
    .text                                    0x0000097c   Section        0  uart.o(.text)
    .text                                    0x00000a14   Section        0  uart0.o(.text)
    uart0_setup                              0x00000a15   Thumb Code    52  uart0.o(.text)
    uart0_cleanup                            0x00000a49   Thumb Code    20  uart0.o(.text)
    uart0_send                               0x00000a5d   Thumb Code    20  uart0.o(.text)
    uart0_recv                               0x00000a71   Thumb Code    20  uart0.o(.text)
    .text                                    0x00000a90   Section        0  led2.o(.text)
    led2_setup                               0x00000a91   Thumb Code    40  led2.o(.text)
    led2_on                                  0x00000ab9   Thumb Code    16  led2.o(.text)
    led2_off                                 0x00000ac9   Thumb Code    16  led2.o(.text)
    .text                                    0x00000ae0   Section        0  kernel.o(.text)
    list_add                                 0x00000ae1   Thumb Code    14  kernel.o(.text)
    thread_register                          0x00000aef   Thumb Code    22  kernel.o(.text)
    thread_unregister                        0x00000b05   Thumb Code    22  kernel.o(.text)
    idle                                     0x00000d0d   Thumb Code    78  kernel.o(.text)
    INIT_LIST_HEAD                           0x00000e27   Thumb Code     6  kernel.o(.text)
    list_del                                 0x00000e2d   Thumb Code    12  kernel.o(.text)
    list_empty                               0x00000e39   Thumb Code    16  kernel.o(.text)
    .text                                    0x00000e80   Section        0  semaphore.o(.text)
    list_add                                 0x00000e81   Thumb Code    14  semaphore.o(.text)
    INIT_LIST_HEAD                           0x0000101d   Thumb Code     6  semaphore.o(.text)
    list_del                                 0x00001023   Thumb Code    12  semaphore.o(.text)
    list_empty                               0x0000102f   Thumb Code    16  semaphore.o(.text)
    .text                                    0x0000104c   Section        0  mailbox.o(.text)
    list_add                                 0x0000104d   Thumb Code    14  mailbox.o(.text)
    INIT_LIST_HEAD                           0x00001287   Thumb Code     6  mailbox.o(.text)
    list_del                                 0x0000128d   Thumb Code    12  mailbox.o(.text)
    list_empty                               0x00001299   Thumb Code    16  mailbox.o(.text)
    .text                                    0x000012b4   Section        0  pipe.o(.text)
    .text                                    0x0000155c   Section        0  sysio.o(.text)
    .text                                    0x000015a0   Section        0  bit.o(.text)
    .text                                    0x0000169c   Section        0  malloc.o(.text)
    checkin_free_chunk                       0x000016cd   Thumb Code   100  malloc.o(.text)
    checkout_small_chunk_in_tree             0x00001731   Thumb Code    72  malloc.o(.text)
    checkout_large_chunk_in_tree             0x00001779   Thumb Code   212  malloc.o(.text)
    .text                                    0x00001b7c   Section        0  printk.o(.text)
    skip_atoi                                0x00001b7d   Thumb Code    44  printk.o(.text)
    number                                   0x00001bc7   Thumb Code   342  printk.o(.text)
    .text                                    0x00002090   Section        0  console.o(.text)
    service                                  0x00002091   Thumb Code   126  console.o(.text)
    .text                                    0x000021e4   Section        0  commmand.o(.text)
    count_used_stack_size                    0x0000223f   Thumb Code    16  commmand.o(.text)
    kill_thread                              0x0000228b   Thumb Code    18  commmand.o(.text)
    device                                   0x0000229d   Thumb Code    44  commmand.o(.text)
    .text                                    0x00002338   Section        0  main.o(.text)
    welcome                                  0x00002339   Thumb Code    18  main.o(.text)
    .text                                    0x000023bc   Section        0  thread_1.o(.text)
    .text                                    0x000023c8   Section        0  thread_2.o(.text)
    .text                                    0x000023d4   Section        0  c89vsprintf.o(.text)
    .text                                    0x000023f8   Section        0  memcmp.o(.text)
    .text                                    0x00002446   Section        0  strlen.o(.text)
    .text                                    0x00002484   Section      138  rt_memcpy_v6.o(.text)
    .text                                    0x0000250e   Section       78  rt_memclr_w.o(.text)
    .text                                    0x0000255c   Section        0  _printf_pad.o(.text)
    .text                                    0x000025ac   Section        0  _printf_truncate.o(.text)
    .text                                    0x000025d0   Section        0  _printf_str.o(.text)
    .text                                    0x00002624   Section        0  _printf_dec.o(.text)
    .text                                    0x00002698   Section        0  _printf_charcount.o(.text)
    .text                                    0x000026c4   Section        0  _printf_char_common.o(.text)
    _printf_input_char                       0x000026c5   Thumb Code    10  _printf_char_common.o(.text)
    .text                                    0x000026f4   Section        0  _sputc.o(.text)
    .text                                    0x00002700   Section        0  _printf_wctomb.o(.text)
    .text                                    0x000027bc   Section        0  _printf_longlong_dec.o(.text)
    .text                                    0x00002834   Section        0  _printf_oct_int_ll.o(.text)
    _printf_longlong_oct_internal            0x00002835   Thumb Code     0  _printf_oct_int_ll.o(.text)
    .text                                    0x000028ac   Section        0  _printf_hex_int_ll_ptr.o(.text)
    _printf_hex_common                       0x000028ad   Thumb Code     0  _printf_hex_int_ll_ptr.o(.text)
    .text                                    0x00002948   Section        0  __printf_flags_ss_wp.o(.text)
    .text                                    0x00002ae4   Section      100  rt_memcpy_w.o(.text)
    .text                                    0x00002b48   Section      138  lludiv10.o(.text)
    .text                                    0x00002bd2   Section        0  _printf_intcommon.o(.text)
    .text                                    0x00002c86   Section        0  _printf_fp_dec.o(.text)
    _fp_digits                               0x00002c89   Thumb Code   420  _printf_fp_dec.o(.text)
    .text                                    0x00003094   Section        0  _printf_char.o(.text)
    .text                                    0x000030c0   Section        0  _printf_wchar.o(.text)
    .text                                    0x000030ec   Section        0  _wcrtomb.o(.text)
    .text                                    0x0000312c   Section       16  rtudiv10.o(.text)
    .text                                    0x0000313c   Section       74  sys_stackheap_outer.o(.text)
    .text                                    0x00003188   Section       16  rt_ctype_table.o(.text)
    .text                                    0x00003198   Section       12  rt_locale_intlibspace.o(.text)
    .text                                    0x000031a4   Section        0  _printf_fp_infnan.o(.text)
    .text                                    0x00003220   Section        0  bigflt0.o(.text)
    .text                                    0x0000330c   Section        8  libspace.o(.text)
    .text                                    0x00003314   Section       48  sys_stackheap.o(.text)
    .text                                    0x00003344   Section      128  strcmpv7m.o(.text)
    .text                                    0x000033c4   Section        2  use_no_semi.o(.text)
    .text                                    0x000033c8   Section       12  rt_fp_status_addr_intlibspace.o(.text)
    CL$$btod_d2e                             0x000033d4   Section       62  btod.o(CL$$btod_d2e)
    CL$$btod_d2e_denorm_low                  0x00003412   Section       70  btod.o(CL$$btod_d2e_denorm_low)
    CL$$btod_d2e_norm_op1                    0x00003458   Section       96  btod.o(CL$$btod_d2e_norm_op1)
    CL$$btod_div_common                      0x000034b8   Section      824  btod.o(CL$$btod_div_common)
    CL$$btod_e2e                             0x000037f0   Section      198  btod.o(CL$$btod_e2e)
    CL$$btod_ediv                            0x000038b6   Section       40  btod.o(CL$$btod_ediv)
    CL$$btod_emul                            0x000038de   Section       40  btod.o(CL$$btod_emul)
    CL$$btod_mult_common                     0x00003906   Section      580  btod.o(CL$$btod_mult_common)
    i.OS_thread_switch                       0x00003b4a   Section        0  kernel.o(i.OS_thread_switch)
    i.__ARM_fpclassify                       0x00003b50   Section        0  fpclassify.o(i.__ARM_fpclassify)
    i.align_upside                           0x00003b78   Section        0  malloc.o(i.align_upside)
    i.atom_operate_lock                      0x00003b84   Section        0  kernel.o(i.atom_operate_lock)
    i.atom_operate_unlock                    0x00003b8c   Section        0  kernel.o(i.atom_operate_unlock)
    i.can_ctrl_mode                          0x00003b98   Section        0  can.o(i.can_ctrl_mode)
    i.dword_set_bits                         0x00003bca   Section        0  system_init.o(i.dword_set_bits)
    i.get_left_time                          0x00003bd4   Section        0  ticker.o(i.get_left_time)
    i.get_same_chunk_group                   0x00003bec   Section        0  malloc.o(i.get_same_chunk_group)
    i.insert_large_chunk                     0x00003bfc   Section        0  malloc.o(i.insert_large_chunk)
    i.is_small                               0x00003cb0   Section        0  malloc.o(i.is_small)
    i.leftshift_for_tree_index               0x00003cc0   Section        0  malloc.o(i.leftshift_for_tree_index)
    i.letfmost_child                         0x00003cd2   Section        0  malloc.o(i.letfmost_child)
    i.min                                    0x00003ce0   Section        0  pipe.o(i.min)
    i.set_time                               0x00003cf0   Section        0  ticker.o(i.set_time)
    i.test_bit                               0x00003d14   Section        0  malloc.o(i.test_bit)
    i.tree_size_to_index                     0x00003d1e   Section        0  malloc.o(i.tree_size_to_index)
    i.unlink_chunk                           0x00003d84   Section        0  malloc.o(i.unlink_chunk)
    i.unlink_large_chunk                     0x00003dc8   Section        0  malloc.o(i.unlink_large_chunk)
    i.write_dword                            0x00003e6c   Section        0  system_init.o(i.write_dword)
    locale$$code                             0x00003e70   Section       44  lc_numeric_c.o(locale$$code)
    locale$$code                             0x00003e9c   Section       44  lc_ctype_c.o(locale$$code)
    system_call                              0x00003ec8   Section      116  syscall.o(system_call)
    x$fpl$fpinit                             0x00003f3c   Section       14  fpinit.o(x$fpl$fpinit)
    x$fpl$printf1                            0x00003f4a   Section        4  printf1.o(x$fpl$printf1)
    x$fpl$usenofp                            0x00003f4e   Section        0  usenofp.o(x$fpl$usenofp)
    .constdata                               0x00003f50   Section       20  memory.o(.constdata)
    .constdata                               0x00003f64   Section       93  device.o(.constdata)
    .constdata                               0x00003fc4   Section       24  uart0.o(.constdata)
    uart0_info                               0x00003fc4   Data           8  uart0.o(.constdata)
    .constdata                               0x00003fdc   Section       12  led2.o(.constdata)
    .constdata                               0x00003fe8   Section       86  malloc.o(.constdata)
    .constdata                               0x00004040   Section      263  commmand.o(.constdata)
    aVersionInfo                             0x0000404c   Data          99  commmand.o(.constdata)
    .constdata                               0x00004147   Section      603  main.o(.constdata)
    Welcome                                  0x00004147   Data         603  main.o(.constdata)
    .constdata                               0x000043a4   Section        8  _printf_wctomb.o(.constdata)
    initial_mbstate                          0x000043a4   Data           8  _printf_wctomb.o(.constdata)
    .constdata                               0x000043ac   Section       40  _printf_hex_int_ll_ptr.o(.constdata)
    uc_hextab                                0x000043ac   Data          20  _printf_hex_int_ll_ptr.o(.constdata)
    lc_hextab                                0x000043c0   Data          20  _printf_hex_int_ll_ptr.o(.constdata)
    .constdata                               0x000043d4   Section       17  __printf_flags_ss_wp.o(.constdata)
    maptable                                 0x000043d4   Data          17  __printf_flags_ss_wp.o(.constdata)
    .constdata                               0x000043e8   Section      148  bigflt0.o(.constdata)
    tenpwrs_x                                0x000043e8   Data          60  bigflt0.o(.constdata)
    tenpwrs_i                                0x00004424   Data          64  bigflt0.o(.constdata)
    .conststring                             0x0000447c   Section       81  console.o(.conststring)
    .conststrlit                             0x000044cd   Section       17  cpu.o(.conststrlit)
    .conststrlit                             0x000044de   Section       14  memory.o(.conststrlit)
    .conststrlit                             0x000044ec   Section       18  uart0.o(.conststrlit)
    .conststrlit                             0x000044fe   Section       16  led2.o(.conststrlit)
    .conststrlit                             0x0000450e   Section       98  commmand.o(.conststrlit)
    aConsoleServices                         0x000045a0   Section       12  cpu.o(aConsoleServices)
    aConsoleServices                         0x000045ac   Section       12  memory.o(aConsoleServices)
    aConsoleServices                         0x000045b8   Section       84  commmand.o(aConsoleServices)
    aDeviceList                              0x0000460c   Section       12  uart0.o(aDeviceList)
    aDeviceList                              0x00004618   Section       12  led2.o(aDeviceList)
    locale$$data                             0x00004624   Section       28  lc_numeric_c.o(locale$$data)
    __lcnum_c_name                           0x00004628   Data           2  lc_numeric_c.o(locale$$data)
    __lcnum_c_start                          0x00004630   Data           0  lc_numeric_c.o(locale$$data)
    __lcnum_c_point                          0x0000463c   Data           0  lc_numeric_c.o(locale$$data)
    __lcnum_c_thousands                      0x0000463e   Data           0  lc_numeric_c.o(locale$$data)
    __lcnum_c_grouping                       0x0000463f   Data           0  lc_numeric_c.o(locale$$data)
    locale$$data                             0x00004640   Section      272  lc_ctype_c.o(locale$$data)
    __lcnum_c_end                            0x00004640   Data           0  lc_numeric_c.o(locale$$data)
    __lcctype_c_name                         0x00004644   Data           2  lc_ctype_c.o(locale$$data)
    __lcctype_c_start                        0x0000464c   Data           0  lc_ctype_c.o(locale$$data)
    __lcctype_c_end                          0x00004750   Data           0  lc_ctype_c.o(locale$$data)
    System                                   0x10000000   Section     2048  boot.o(System)
    system_stack_base                        0x10000000   Data        2048  boot.o(System)
    Heap                                     0x10000800   Section        0  boot.o(Heap)
    .data                                    0x2007ea70   Section        1  interrupt.o(.data)
    LowBitIndex                              0x2007ea70   Data           1  interrupt.o(.data)
    .data                                    0x2007ea74   Section        4  ticker.o(.data)
    OS_pTimer                                0x2007ea74   Data           4  ticker.o(.data)
    .data                                    0x2007ea78   Section       12  can_filter.o(.data)
    InitCounter                              0x2007ea78   Data           4  can_filter.o(.data)
    aStandardID                              0x2007ea7c   Data           8  can_filter.o(.data)
    .data                                    0x2007ea84   Section       20  kernel.o(.data)
    .data                                    0x2007ea98   Section       36  console.o(.data)
    aStatus                                  0x2007ea98   Data          36  console.o(.data)
    .bss                                     0x2007eabc   Section     1340  kernel.o(.bss)
    OS_Idle                                  0x2007ebc4   Data          52  kernel.o(.bss)
    OS_aIdleStack                            0x2007ebf8   Data        1024  kernel.o(.bss)
    .bss                                     0x2007eff8   Section      416  malloc.o(.bss)
    Mallocor                                 0x2007eff8   Data         400  malloc.o(.bss)
    AccessLock                               0x2007f188   Data          16  malloc.o(.bss)
    .bss                                     0x2007f198   Section       50  console.o(.bss)
    aCmdBuffer                               0x2007f198   Data          50  console.o(.bss)
    .bss                                     0x2007f1cc   Section       96  libspace.o(.bss)
    Stack                                    0x2007f22c   Section        0  boot.o(Stack)

    Global Symbols

    Symbol Name                              Value     Ov Type        Size  Object(Section)

    BuildAttributes$$THM_ISAv4$P$D$K$B$S$PE$A:L22UL41UL21$X:L11$S22US41US21$IEEE1$IW$USESV6$~STKCKD$USESV7$~SHL$OTIME$ROPI$IEEEJ$EBA8$UX$STANDARDLIB$REQ8$PRES8$EABIv2 0x00000000   Number         0  anon$$obj.o ABSOLUTE
    __ARM_use_no_argv                        0x00000000   Number         0  main.o ABSOLUTE
    _printf_flags                            0x00000000   Number         0  printf_stubs.o ABSOLUTE
    _printf_return_value                     0x00000000   Number         0  printf_stubs.o ABSOLUTE
    _printf_sizespec                         0x00000000   Number         0  printf_stubs.o ABSOLUTE
    _printf_widthprec                        0x00000000   Number         0  printf_stubs.o ABSOLUTE
    Image$$ZI$$Limit                          - Undefined Weak Reference
    __ARM_exceptions_init                     - Undefined Weak Reference
    __alloca_initialize                       - Undefined Weak Reference
    __cpp_initialize__aeabi_                  - Undefined Weak Reference
    __sigvec_lookup                           - Undefined Weak Reference
    _atexit_init                              - Undefined Weak Reference
    _clock_init                               - Undefined Weak Reference
    _fp_trap_init                             - Undefined Weak Reference
    _get_lc_collate                           - Undefined Weak Reference
    _get_lc_monetary                          - Undefined Weak Reference
    _get_lc_time                              - Undefined Weak Reference
    _getenv_init                              - Undefined Weak Reference
    _handle_redirection                       - Undefined Weak Reference
    _init_alloc                               - Undefined Weak Reference
    _init_user_alloc                          - Undefined Weak Reference
    _initio                                   - Undefined Weak Reference
    _printf_fp_hex                            - Undefined Weak Reference
    _printf_mbtowc                            - Undefined Weak Reference
    _printf_wc                                - Undefined Weak Reference
    _rand_init                                - Undefined Weak Reference
    _signal_init                              - Undefined Weak Reference
    __main                                   0x00000119   Thumb Code     8  __main.o(!!!main)
    __scatterload                            0x00000121   Thumb Code     0  __scatter.o(!!!scatter)
    __scatterload_rt2                        0x00000121   Thumb Code    44  __scatter.o(!!!scatter)
    __scatterload_rt2_thumb_only             0x00000121   Thumb Code     0  __scatter.o(!!!scatter)
    __scatterload_null                       0x0000012f   Thumb Code     0  __scatter.o(!!!scatter)
    __scatterload_copy                       0x00000155   Thumb Code    26  __scatter_copy.o(!!handler_copy)
    __scatterload_zeroinit                   0x00000171   Thumb Code    28  __scatter_zi.o(!!handler_zi)
    _printf_n                                0x0000018d   Thumb Code     0  _printf_n.o(.ARM.Collect$$_printf_percent$$00000001)
    _printf_percent                          0x0000018d   Thumb Code     0  _printf_percent.o(.ARM.Collect$$_printf_percent$$00000000)
    _printf_p                                0x00000193   Thumb Code     0  _printf_p.o(.ARM.Collect$$_printf_percent$$00000002)
    _printf_f                                0x00000199   Thumb Code     0  _printf_f.o(.ARM.Collect$$_printf_percent$$00000003)
    _printf_e                                0x0000019f   Thumb Code     0  _printf_e.o(.ARM.Collect$$_printf_percent$$00000004)
    _printf_g                                0x000001a5   Thumb Code     0  _printf_g.o(.ARM.Collect$$_printf_percent$$00000005)
    _printf_a                                0x000001ab   Thumb Code     0  _printf_a.o(.ARM.Collect$$_printf_percent$$00000006)
    _printf_ll                               0x000001b1   Thumb Code     0  _printf_ll.o(.ARM.Collect$$_printf_percent$$00000007)
    _printf_i                                0x000001bb   Thumb Code     0  _printf_i.o(.ARM.Collect$$_printf_percent$$00000008)
    _printf_d                                0x000001c1   Thumb Code     0  _printf_d.o(.ARM.Collect$$_printf_percent$$00000009)
    _printf_u                                0x000001c7   Thumb Code     0  _printf_u.o(.ARM.Collect$$_printf_percent$$0000000A)
    _printf_o                                0x000001cd   Thumb Code     0  _printf_o.o(.ARM.Collect$$_printf_percent$$0000000B)
    _printf_x                                0x000001d3   Thumb Code     0  _printf_x.o(.ARM.Collect$$_printf_percent$$0000000C)
    _printf_lli                              0x000001d9   Thumb Code     0  _printf_lli.o(.ARM.Collect$$_printf_percent$$0000000D)
    _printf_lld                              0x000001df   Thumb Code     0  _printf_lld.o(.ARM.Collect$$_printf_percent$$0000000E)
    _printf_llu                              0x000001e5   Thumb Code     0  _printf_llu.o(.ARM.Collect$$_printf_percent$$0000000F)
    _printf_llo                              0x000001eb   Thumb Code     0  _printf_llo.o(.ARM.Collect$$_printf_percent$$00000010)
    _printf_llx                              0x000001f1   Thumb Code     0  _printf_llx.o(.ARM.Collect$$_printf_percent$$00000011)
    _printf_l                                0x000001f7   Thumb Code     0  _printf_l.o(.ARM.Collect$$_printf_percent$$00000012)
    _printf_c                                0x00000201   Thumb Code     0  _printf_c.o(.ARM.Collect$$_printf_percent$$00000013)
    _printf_s                                0x00000207   Thumb Code     0  _printf_s.o(.ARM.Collect$$_printf_percent$$00000014)
    _printf_lc                               0x0000020d   Thumb Code     0  _printf_lc.o(.ARM.Collect$$_printf_percent$$00000015)
    _printf_ls                               0x00000213   Thumb Code     0  _printf_ls.o(.ARM.Collect$$_printf_percent$$00000016)
    _printf_percent_end                      0x00000219   Thumb Code     0  _printf_percent_end.o(.ARM.Collect$$_printf_percent$$00000017)
    __rt_lib_init                            0x0000021d   Thumb Code     0  libinit.o(.ARM.Collect$$libinit$$00000000)
    __rt_lib_init_heap_1                     0x00000223   Thumb Code     0  libinit2.o(.ARM.Collect$$libinit$$00000006)
    __rt_lib_init_lc_common                  0x00000223   Thumb Code     0  libinit2.o(.ARM.Collect$$libinit$$0000000B)
    __rt_lib_init_rand_1                     0x00000223   Thumb Code     0  libinit2.o(.ARM.Collect$$libinit$$0000000A)
    __rt_lib_init_user_alloc_1               0x00000223   Thumb Code     0  libinit2.o(.ARM.Collect$$libinit$$00000008)
    __rt_lib_init_lc_collate_1               0x00000229   Thumb Code     0  libinit2.o(.ARM.Collect$$libinit$$0000000D)
    __rt_lib_init_lc_ctype_2                 0x00000229   Thumb Code     0  libinit2.o(.ARM.Collect$$libinit$$0000000E)
    __rt_lib_init_lc_ctype_1                 0x00000235   Thumb Code     0  libinit2.o(.ARM.Collect$$libinit$$0000000F)
    __rt_lib_init_lc_monetary_1              0x00000235   Thumb Code     0  libinit2.o(.ARM.Collect$$libinit$$00000011)
    __rt_lib_init_lc_numeric_2               0x00000235   Thumb Code     0  libinit2.o(.ARM.Collect$$libinit$$00000012)
    __rt_lib_init_alloca_1                   0x0000023f   Thumb Code     0  libinit2.o(.ARM.Collect$$libinit$$0000002A)
    __rt_lib_init_argv_1                     0x0000023f   Thumb Code     0  libinit2.o(.ARM.Collect$$libinit$$00000028)
    __rt_lib_init_atexit_1                   0x0000023f   Thumb Code     0  libinit2.o(.ARM.Collect$$libinit$$00000017)
    __rt_lib_init_clock_1                    0x0000023f   Thumb Code     0  libinit2.o(.ARM.Collect$$libinit$$0000001D)
    __rt_lib_init_cpp_1                      0x0000023f   Thumb Code     0  libinit2.o(.ARM.Collect$$libinit$$0000002E)
    __rt_lib_init_exceptions_1               0x0000023f   Thumb Code     0  libinit2.o(.ARM.Collect$$libinit$$0000002C)
    __rt_lib_init_fp_trap_1                  0x0000023f   Thumb Code     0  libinit2.o(.ARM.Collect$$libinit$$0000001B)
    __rt_lib_init_getenv_1                   0x0000023f   Thumb Code     0  libinit2.o(.ARM.Collect$$libinit$$0000001F)
    __rt_lib_init_lc_numeric_1               0x0000023f   Thumb Code     0  libinit2.o(.ARM.Collect$$libinit$$00000013)
    __rt_lib_init_lc_time_1                  0x0000023f   Thumb Code     0  libinit2.o(.ARM.Collect$$libinit$$00000015)
    __rt_lib_init_return                     0x0000023f   Thumb Code     0  libinit2.o(.ARM.Collect$$libinit$$0000002F)
    __rt_lib_init_signal_1                   0x0000023f   Thumb Code     0  libinit2.o(.ARM.Collect$$libinit$$00000019)
    __rt_lib_init_stdio_1                    0x0000023f   Thumb Code     0  libinit2.o(.ARM.Collect$$libinit$$00000021)
    __rt_entry                               0x00000241   Thumb Code     0  rtentry.o(.ARM.Collect$$rtentry$$00000000)
    __rt_entry_presh_1                       0x00000241   Thumb Code     0  rtentry2.o(.ARM.Collect$$rtentry$$00000002)
    __rt_entry_sh                            0x00000241   Thumb Code     0  rtentry4.o(.ARM.Collect$$rtentry$$00000004)
    __rt_entry_li                            0x00000247   Thumb Code     0  rtentry2.o(.ARM.Collect$$rtentry$$0000000A)
    __rt_entry_postsh_1                      0x00000247   Thumb Code     0  rtentry2.o(.ARM.Collect$$rtentry$$00000009)
    __rt_entry_main                          0x0000024b   Thumb Code     0  rtentry2.o(.ARM.Collect$$rtentry$$0000000D)
    __rt_entry_postli_1                      0x0000024b   Thumb Code     0  rtentry2.o(.ARM.Collect$$rtentry$$0000000C)
    cpu_init                                 0x00000255   Thumb Code    12  cpu.o(.text)
    restart                                  0x00000261   Thumb Code    30  cpu.o(.text)
    stack_init                               0x0000027f   Thumb Code    78  cpu.o(.text)
    system_clock_init                        0x000002d9   Thumb Code   218  system_init.o(.text)
    heap                                     0x000003c1   Thumb Code    60  memory.o(.text)
    vic_setup                                0x00000441   Thumb Code    98  interrupt.o(.text)
    irq_register                             0x000004a3   Thumb Code    42  interrupt.o(.text)
    irq_unregister                           0x000004cd   Thumb Code    26  interrupt.o(.text)
    device_setup                             0x000004fd   Thumb Code    44  device.o(.text)
    OS_timer_add                             0x00000551   Thumb Code   114  ticker.o(.text)
    OS_timer_del                             0x000005c3   Thumb Code   108  ticker.o(.text)
    systimer_exception                       0x0000062f   Thumb Code   134  ticker.o(.text)
    systicker_setup                          0x000006b5   Thumb Code    98  ticker.o(.text)
    can_exception                            0x0000076d   Thumb Code     2  can.o(.text)
    can_setup                                0x0000076f   Thumb Code   148  can.o(.text)
    can_send                                 0x00000803   Thumb Code   122  can.o(.text)
    can_recv                                 0x0000087d   Thumb Code    78  can.o(.text)
    can_cleanup                              0x000008cb   Thumb Code    28  can.o(.text)
    can_filter_setup                         0x000008e9   Thumb Code   130  can_filter.o(.text)
    uart_setup                               0x0000097d   Thumb Code    80  uart.o(.text)
    uart_cleanup                             0x000009cd   Thumb Code     2  uart.o(.text)
    uart_recv                                0x000009cf   Thumb Code    30  uart.o(.text)
    uart_send                                0x000009ed   Thumb Code    38  uart.o(.text)
    exit                                     0x00000b1b   Thumb Code   100  kernel.o(.text)
    kill                                     0x00000b7f   Thumb Code    98  kernel.o(.text)
    signal                                   0x00000be1   Thumb Code    54  kernel.o(.text)
    shift_thread                             0x00000c17   Thumb Code    42  kernel.o(.text)
    scheduler                                0x00000c41   Thumb Code    26  kernel.o(.text)
    labour                                   0x00000c5b   Thumb Code   150  kernel.o(.text)
    getid                                    0x00000cf1   Thumb Code     6  kernel.o(.text)
    rename                                   0x00000cf7   Thumb Code    12  kernel.o(.text)
    change_priority                          0x00000d03   Thumb Code    10  kernel.o(.text)
    sleep                                    0x00000d5b   Thumb Code    96  kernel.o(.text)
    wakeup                                   0x00000dbb   Thumb Code     8  kernel.o(.text)
    startup                                  0x00000dc3   Thumb Code   100  kernel.o(.text)
    semaphore_new                            0x00000e8f   Thumb Code    30  semaphore.o(.text)
    semaphore_free                           0x00000ead   Thumb Code    14  semaphore.o(.text)
    semaphore_create                         0x00000ebb   Thumb Code    28  semaphore.o(.text)
    semaphore_fetch                          0x00000ed7   Thumb Code    50  semaphore.o(.text)
    semaphore_wait                           0x00000f09   Thumb Code   178  semaphore.o(.text)
    semaphore_post                           0x00000fbb   Thumb Code    98  semaphore.o(.text)
    mailbox_new                              0x0000105b   Thumb Code    48  mailbox.o(.text)
    mailbox_free                             0x0000108b   Thumb Code    14  mailbox.o(.text)
    mailbox_create                           0x00001099   Thumb Code    38  mailbox.o(.text)
    mail_fetch                               0x000010bf   Thumb Code    80  mailbox.o(.text)
    mail_wait                                0x0000110f   Thumb Code   256  mailbox.o(.text)
    mail_post                                0x0000120f   Thumb Code   120  mailbox.o(.text)
    pipe_new                                 0x000012b5   Thumb Code    64  pipe.o(.text)
    pipe_free                                0x000012f5   Thumb Code    12  pipe.o(.text)
    pipe_write                               0x00001301   Thumb Code   202  pipe.o(.text)
    pipe_read                                0x000013cb   Thumb Code   388  pipe.o(.text)
    scanc                                    0x0000155d   Thumb Code    18  sysio.o(.text)
    printc                                   0x0000156f   Thumb Code    14  sysio.o(.text)
    prints                                   0x0000157d   Thumb Code    32  sysio.o(.text)
    bit_algorithm_1                          0x000015a1   Thumb Code    10  bit.o(.text)
    bit_algorithm_2                          0x000015ab   Thumb Code    12  bit.o(.text)
    bit_count                                0x000015b7   Thumb Code    42  bit.o(.text)
    bit_scan_forward                         0x000015e1   Thumb Code    48  bit.o(.text)
    bit_scan_reverse                         0x00001611   Thumb Code     2  bit.o(.text)
    bit32_order_reverse                      0x00001613   Thumb Code    88  bit.o(.text)
    bit8_order_reverse                       0x0000166b   Thumb Code    42  bit.o(.text)
    splite_free_chunk                        0x0000169d   Thumb Code    46  malloc.o(.text)
    combin_free_chunk                        0x000016cb   Thumb Code     2  malloc.o(.text)
    mallocor_setup                           0x0000184d   Thumb Code   210  malloc.o(.text)
    malloc                                   0x0000191f   Thumb Code   212  malloc.o(.text)
    free                                     0x000019f3   Thumb Code   130  malloc.o(.text)
    strnlen                                  0x00001ba9   Thumb Code    30  printk.o(.text)
    vsprintf                                 0x00001d1d   Thumb Code   756  printk.o(.text)
    printk                                   0x00002011   Thumb Code    38  printk.o(.text)
    command                                  0x0000210f   Thumb Code   126  console.o(.text)
    console_setup                            0x0000218d   Thumb Code     4  console.o(.text)
    version                                  0x000021e5   Thumb Code    14  commmand.o(.text)
    time                                     0x000021f3   Thumb Code    26  commmand.o(.text)
    clear                                    0x0000220d   Thumb Code    14  commmand.o(.text)
    help                                     0x0000221b   Thumb Code    36  commmand.o(.text)
    thread                                   0x0000224f   Thumb Code    60  commmand.o(.text)
    main                                     0x0000234b   Thumb Code    74  main.o(.text)
    thread_1                                 0x000023bd   Thumb Code    12  thread_1.o(.text)
    thread_2                                 0x000023c9   Thumb Code    12  thread_2.o(.text)
    __c89vsprintf                            0x000023d5   Thumb Code    32  c89vsprintf.o(.text)
    memcmp                                   0x000023f9   Thumb Code    78  memcmp.o(.text)
    strlen                                   0x00002447   Thumb Code    62  strlen.o(.text)
    __aeabi_memcpy                           0x00002485   Thumb Code     0  rt_memcpy_v6.o(.text)
    __rt_memcpy                              0x00002485   Thumb Code   138  rt_memcpy_v6.o(.text)
    _memcpy_lastbytes                        0x000024eb   Thumb Code     0  rt_memcpy_v6.o(.text)
    __aeabi_memclr4                          0x0000250f   Thumb Code     0  rt_memclr_w.o(.text)
    __aeabi_memclr8                          0x0000250f   Thumb Code     0  rt_memclr_w.o(.text)
    __rt_memclr_w                            0x0000250f   Thumb Code    78  rt_memclr_w.o(.text)
    _memset_w                                0x00002513   Thumb Code     0  rt_memclr_w.o(.text)
    _printf_pre_padding                      0x0000255d   Thumb Code    44  _printf_pad.o(.text)
    _printf_post_padding                     0x00002589   Thumb Code    36  _printf_pad.o(.text)
    _printf_truncate_signed                  0x000025ad   Thumb Code    18  _printf_truncate.o(.text)
    _printf_truncate_unsigned                0x000025bf   Thumb Code    18  _printf_truncate.o(.text)
    _printf_str                              0x000025d1   Thumb Code    82  _printf_str.o(.text)
    _printf_int_dec                          0x00002625   Thumb Code    98  _printf_dec.o(.text)
    _printf_charcount                        0x00002699   Thumb Code    42  _printf_charcount.o(.text)
    _printf_char_common                      0x000026cf   Thumb Code    32  _printf_char_common.o(.text)
    _sputc                                   0x000026f5   Thumb Code    10  _sputc.o(.text)
    _printf_wctomb                           0x00002701   Thumb Code   182  _printf_wctomb.o(.text)
    _printf_longlong_dec                     0x000027bd   Thumb Code   104  _printf_longlong_dec.o(.text)
    _printf_longlong_oct                     0x00002835   Thumb Code    76  _printf_oct_int_ll.o(.text)
    _printf_int_oct                          0x00002881   Thumb Code    24  _printf_oct_int_ll.o(.text)
    _printf_ll_oct                           0x00002899   Thumb Code    12  _printf_oct_int_ll.o(.text)
    _printf_longlong_hex                     0x000028ad   Thumb Code    92  _printf_hex_int_ll_ptr.o(.text)
    _printf_int_hex                          0x00002909   Thumb Code    28  _printf_hex_int_ll_ptr.o(.text)
    _printf_ll_hex                           0x00002925   Thumb Code    12  _printf_hex_int_ll_ptr.o(.text)
    _printf_hex_ptr                          0x00002931   Thumb Code    18  _printf_hex_int_ll_ptr.o(.text)
    __printf                                 0x00002949   Thumb Code   406  __printf_flags_ss_wp.o(.text)
    __aeabi_memcpy4                          0x00002ae5   Thumb Code     0  rt_memcpy_w.o(.text)
    __aeabi_memcpy8                          0x00002ae5   Thumb Code     0  rt_memcpy_w.o(.text)
    __rt_memcpy_w                            0x00002ae5   Thumb Code   100  rt_memcpy_w.o(.text)
    _memcpy_lastbytes_aligned                0x00002b2d   Thumb Code     0  rt_memcpy_w.o(.text)
    _ll_udiv10                               0x00002b49   Thumb Code   138  lludiv10.o(.text)
    _printf_int_common                       0x00002bd3   Thumb Code   180  _printf_intcommon.o(.text)
    __lib_sel_fp_printf                      0x00002c87   Thumb Code     2  _printf_fp_dec.o(.text)
    _printf_fp_dec_real                      0x00002e2d   Thumb Code   616  _printf_fp_dec.o(.text)
    _printf_cs_common                        0x00003095   Thumb Code    20  _printf_char.o(.text)
    _printf_char                             0x000030a9   Thumb Code    16  _printf_char.o(.text)
    _printf_string                           0x000030b9   Thumb Code     8  _printf_char.o(.text)
    _printf_lcs_common                       0x000030c1   Thumb Code    20  _printf_wchar.o(.text)
    _printf_wchar                            0x000030d5   Thumb Code    16  _printf_wchar.o(.text)
    _printf_wstring                          0x000030e5   Thumb Code     8  _printf_wchar.o(.text)
    _wcrtomb                                 0x000030ed   Thumb Code    64  _wcrtomb.o(.text)
    __rt_udiv10                              0x0000312d   Thumb Code    16  rtudiv10.o(.text)
    __user_setup_stackheap                   0x0000313d   Thumb Code    74  sys_stackheap_outer.o(.text)
    __rt_ctype_table                         0x00003189   Thumb Code    16  rt_ctype_table.o(.text)
    __rt_locale                              0x00003199   Thumb Code    12  rt_locale_intlibspace.o(.text)
    _printf_fp_infnan                        0x000031a5   Thumb Code   108  _printf_fp_infnan.o(.text)
    _btod_etento                             0x00003221   Thumb Code   230  bigflt0.o(.text)
    __user_libspace                          0x0000330d   Thumb Code     8  libspace.o(.text)
    __user_perproc_libspace                  0x0000330d   Thumb Code     0  libspace.o(.text)
    __user_perthread_libspace                0x0000330d   Thumb Code     0  libspace.o(.text)
    __user_initial_stackheap                 0x00003315   Thumb Code    48  sys_stackheap.o(.text)
    _RW_Limit                                0x00003340   Data           0  sys_stackheap.o(.text)
    strcmp                                   0x00003345   Thumb Code   128  strcmpv7m.o(.text)
    __I$use$semihosting                      0x000033c5   Thumb Code     0  use_no_semi.o(.text)
    __use_no_semihosting_swi                 0x000033c5   Thumb Code     2  use_no_semi.o(.text)
    __rt_fp_status_addr                      0x000033c9   Thumb Code    12  rt_fp_status_addr_intlibspace.o(.text)
    _btod_d2e                                0x000033d5   Thumb Code    62  btod.o(CL$$btod_d2e)
    _d2e_denorm_low                          0x00003413   Thumb Code    70  btod.o(CL$$btod_d2e_denorm_low)
    _d2e_norm_op1                            0x00003459   Thumb Code    96  btod.o(CL$$btod_d2e_norm_op1)
    __btod_div_common                        0x000034b9   Thumb Code   696  btod.o(CL$$btod_div_common)
    _e2e                                     0x000037f1   Thumb Code   198  btod.o(CL$$btod_e2e)
    _btod_ediv                               0x000038b7   Thumb Code    40  btod.o(CL$$btod_ediv)
    _btod_emul                               0x000038df   Thumb Code    40  btod.o(CL$$btod_emul)
    __btod_mult_common                       0x00003907   Thumb Code   580  btod.o(CL$$btod_mult_common)
    OS_thread_switch                         0x00003b4b   Thumb Code     6  kernel.o(i.OS_thread_switch)
    __ARM_fpclassify                         0x00003b51   Thumb Code    40  fpclassify.o(i.__ARM_fpclassify)
    align_upside                             0x00003b79   Thumb Code    12  malloc.o(i.align_upside)
    atom_operate_lock                        0x00003b85   Thumb Code     8  kernel.o(i.atom_operate_lock)
    atom_operate_unlock                      0x00003b8d   Thumb Code    12  kernel.o(i.atom_operate_unlock)
    can_ctrl_mode                            0x00003b99   Thumb Code    50  can.o(i.can_ctrl_mode)
    dword_set_bits                           0x00003bcb   Thumb Code     8  system_init.o(i.dword_set_bits)
    get_left_time                            0x00003bd5   Thumb Code    14  ticker.o(i.get_left_time)
    get_same_chunk_group                     0x00003bed   Thumb Code    10  malloc.o(i.get_same_chunk_group)
    insert_large_chunk                       0x00003bfd   Thumb Code   170  malloc.o(i.insert_large_chunk)
    is_small                                 0x00003cb1   Thumb Code    16  malloc.o(i.is_small)
    leftshift_for_tree_index                 0x00003cc1   Thumb Code    18  malloc.o(i.leftshift_for_tree_index)
    letfmost_child                           0x00003cd3   Thumb Code    14  malloc.o(i.letfmost_child)
    min                                      0x00003ce1   Thumb Code    14  pipe.o(i.min)
    set_time                                 0x00003cf1   Thumb Code    32  ticker.o(i.set_time)
    test_bit                                 0x00003d15   Thumb Code    10  malloc.o(i.test_bit)
    tree_size_to_index                       0x00003d1f   Thumb Code   102  malloc.o(i.tree_size_to_index)
    unlink_chunk                             0x00003d85   Thumb Code    64  malloc.o(i.unlink_chunk)
    unlink_large_chunk                       0x00003dc9   Thumb Code   156  malloc.o(i.unlink_large_chunk)
    write_dword                              0x00003e6d   Thumb Code     4  system_init.o(i.write_dword)
    _get_lc_numeric                          0x00003e71   Thumb Code    44  lc_numeric_c.o(locale$$code)
    _get_lc_ctype                            0x00003e9d   Thumb Code    44  lc_ctype_c.o(locale$$code)
    syscall_exception                        0x00003ec9   Thumb Code     0  syscall.o(system_call)
    pendsv_exception                         0x00003efb   Thumb Code     0  syscall.o(system_call)
    static_atom_operate_lock                 0x00003f27   Thumb Code     8  syscall.o(system_call)
    static_atom_operate_unlock               0x00003f2f   Thumb Code     6  syscall.o(system_call)
    _fp_init                                 0x00003f3d   Thumb Code    14  fpinit.o(x$fpl$fpinit)
    __fplib_config_pureend_doubles           0x00003f49   Thumb Code     0  fpinit.o(x$fpl$fpinit)
    _printf_fp_dec                           0x00003f4b   Thumb Code     4  printf1.o(x$fpl$printf1)
    __I$use$fp                               0x00003f4f   Thumb Code     0  usenofp.o(x$fpl$usenofp)
    aMemorySegments                          0x00003f50   Data          16  memory.o(.constdata)
    NumOfHeap                                0x00003f60   Data           4  memory.o(.constdata)
    uart0                                    0x00003fcc   Data          16  uart0.o(.constdata)
    led2                                     0x00003fdc   Data          12  led2.o(.constdata)
    aCmdPrompt                               0x00004040   Data          12  commmand.o(.constdata)
    Region$$Table$$Base                      0x00004570   Number         0  anon$$obj.o(Region$$Table)
    Region$$Table$$Limit                     0x000045a0   Number         0  anon$$obj.o(Region$$Table)
    Servicerestart                           0x000045a0   Data          12  cpu.o(aConsoleServices)
    aConsoleServices$$Base                   0x000045a0   Number         0  cpu.o(aConsoleServices)
    Serviceheap                              0x000045ac   Data          12  memory.o(aConsoleServices)
    Serviceversion                           0x000045b8   Data          12  commmand.o(aConsoleServices)
    Servicetime                              0x000045c4   Data          12  commmand.o(aConsoleServices)
    Serviceclear                             0x000045d0   Data          12  commmand.o(aConsoleServices)
    Servicehelp                              0x000045dc   Data          12  commmand.o(aConsoleServices)
    Servicethread                            0x000045e8   Data          12  commmand.o(aConsoleServices)
    ServiceKill                              0x000045f4   Data          12  commmand.o(aConsoleServices)
    Servicedevice                            0x00004600   Data          12  commmand.o(aConsoleServices)
    Listuart0                                0x0000460c   Data          12  uart0.o(aDeviceList)
    aConsoleServices$$Limit                  0x0000460c   Number         0  commmand.o(aConsoleServices)
    aDeviceList$$Base                        0x0000460c   Number         0  uart0.o(aDeviceList)
    Listled2                                 0x00004618   Data          12  led2.o(aDeviceList)
    aDeviceList$$Limit                       0x00004624   Number         0  led2.o(aDeviceList)
    __ctype                                  0x0000464d   Data           0  lc_ctype_c.o(locale$$data)
    Load$$RW$$Base                           0x00004750   Number         0  anon$$obj.o ABSOLUTE
    Image$$HeapBase1$$Base                   0x10000800   Number         0  anon$$obj.o(linker$$defined$$symbols)
    Image$$RW$$Base                          0x2007ea70   Number         0  interrupt.o(.data)
    OS_ActivePrio                            0x2007ea84   Data           4  kernel.o(.data)
    OS_This                                  0x2007ea88   Data           4  kernel.o(.data)
    OS_LiveList                              0x2007ea8c   Data           4  kernel.o(.data)
    OS_DeadList                              0x2007ea90   Data           8  kernel.o(.data)
    Image$$RW$$ZI$$Base                      0x2007eabc   Number         0  kernel.o(.bss)
    OS_ActiveProc                            0x2007eabc   Data         264  kernel.o(.bss)
    __libspace_start                         0x2007f1cc   Data          96  libspace.o(.bss)
    Image$$HeapBase2$$Base                   0x2007f22c   Number         0  anon$$obj.o(linker$$defined$$symbols)
    Image$$RW$$ZI$$Limit                     0x2007f22c   Number         0  libspace.o(.bss)
    __temporary_stack_top$libspace           0x2007f22c   Data           0  libspace.o(.bss)



==============================================================================

Memory Map of the image

  Image Entry point : 0x0000234b

  Load Region lpc1766 (Base: 0x00000000, Size: 0x0000479c, Max: 0xffffffff, ABSOLUTE)

    Execution Region RO (Base: 0x00000000, Size: 0x00004750, Max: 0x00040000, ABSOLUTE)

    Base Addr    Size         Type   Attr      Idx    E Section Name        Object

    0x00000000   0x00000118   Code   RO            1  * boot                boot.o
    0x00000118   0x00000008   Code   RO         1024  * !!!main             c_w.l(__main.o)(c_w.l)
    0x00000120   0x00000034   Code   RO         1317    !!!scatter          c_w.l(__scatter.o)(c_w.l)
    0x00000154   0x0000001a   Code   RO         1319    !!handler_copy      c_w.l(__scatter_copy.o)(c_w.l)
    0x0000016e   0x00000002   PAD
    0x00000170   0x0000001c   Code   RO         1321    !!handler_zi        c_w.l(__scatter_zi.o)(c_w.l)
    0x0000018c   0x00000000   Code   RO         1107    .ARM.Collect$$_printf_percent$$00000000  c_w.l(_printf_percent.o)(c_w.l)
    0x0000018c   0x00000006   Code   RO         1096    .ARM.Collect$$_printf_percent$$00000001  c_w.l(_printf_n.o)(c_w.l)
    0x00000192   0x00000006   Code   RO         1098    .ARM.Collect$$_printf_percent$$00000002  c_w.l(_printf_p.o)(c_w.l)
    0x00000198   0x00000006   Code   RO         1103    .ARM.Collect$$_printf_percent$$00000003  c_w.l(_printf_f.o)(c_w.l)
    0x0000019e   0x00000006   Code   RO         1104    .ARM.Collect$$_printf_percent$$00000004  c_w.l(_printf_e.o)(c_w.l)
    0x000001a4   0x00000006   Code   RO         1105    .ARM.Collect$$_printf_percent$$00000005  c_w.l(_printf_g.o)(c_w.l)
    0x000001aa   0x00000006   Code   RO         1106    .ARM.Collect$$_printf_percent$$00000006  c_w.l(_printf_a.o)(c_w.l)
    0x000001b0   0x0000000a   Code   RO         1111    .ARM.Collect$$_printf_percent$$00000007  c_w.l(_printf_ll.o)(c_w.l)
    0x000001ba   0x00000006   Code   RO         1100    .ARM.Collect$$_printf_percent$$00000008  c_w.l(_printf_i.o)(c_w.l)
    0x000001c0   0x00000006   Code   RO         1101    .ARM.Collect$$_printf_percent$$00000009  c_w.l(_printf_d.o)(c_w.l)
    0x000001c6   0x00000006   Code   RO         1102    .ARM.Collect$$_printf_percent$$0000000A  c_w.l(_printf_u.o)(c_w.l)
    0x000001cc   0x00000006   Code   RO         1099    .ARM.Collect$$_printf_percent$$0000000B  c_w.l(_printf_o.o)(c_w.l)
    0x000001d2   0x00000006   Code   RO         1097    .ARM.Collect$$_printf_percent$$0000000C  c_w.l(_printf_x.o)(c_w.l)
    0x000001d8   0x00000006   Code   RO         1108    .ARM.Collect$$_printf_percent$$0000000D  c_w.l(_printf_lli.o)(c_w.l)
    0x000001de   0x00000006   Code   RO         1109    .ARM.Collect$$_printf_percent$$0000000E  c_w.l(_printf_lld.o)(c_w.l)
    0x000001e4   0x00000006   Code   RO         1110    .ARM.Collect$$_printf_percent$$0000000F  c_w.l(_printf_llu.o)(c_w.l)
    0x000001ea   0x00000006   Code   RO         1115    .ARM.Collect$$_printf_percent$$00000010  c_w.l(_printf_llo.o)(c_w.l)
    0x000001f0   0x00000006   Code   RO         1116    .ARM.Collect$$_printf_percent$$00000011  c_w.l(_printf_llx.o)(c_w.l)
    0x000001f6   0x0000000a   Code   RO         1112    .ARM.Collect$$_printf_percent$$00000012  c_w.l(_printf_l.o)(c_w.l)
    0x00000200   0x00000006   Code   RO         1094    .ARM.Collect$$_printf_percent$$00000013  c_w.l(_printf_c.o)(c_w.l)
    0x00000206   0x00000006   Code   RO         1095    .ARM.Collect$$_printf_percent$$00000014  c_w.l(_printf_s.o)(c_w.l)
    0x0000020c   0x00000006   Code   RO         1113    .ARM.Collect$$_printf_percent$$00000015  c_w.l(_printf_lc.o)(c_w.l)
    0x00000212   0x00000006   Code   RO         1114    .ARM.Collect$$_printf_percent$$00000016  c_w.l(_printf_ls.o)(c_w.l)
    0x00000218   0x00000004   Code   RO         1151    .ARM.Collect$$_printf_percent$$00000017  c_w.l(_printf_percent_end.o)(c_w.l)
    0x0000021c   0x00000006   Code   RO         1201    .ARM.Collect$$libinit$$00000000  c_w.l(libinit.o)(c_w.l)
    0x00000222   0x00000000   Code   RO         1219    .ARM.Collect$$libinit$$00000006  c_w.l(libinit2.o)(c_w.l)
    0x00000222   0x00000000   Code   RO         1221    .ARM.Collect$$libinit$$00000008  c_w.l(libinit2.o)(c_w.l)
    0x00000222   0x00000000   Code   RO         1223    .ARM.Collect$$libinit$$0000000A  c_w.l(libinit2.o)(c_w.l)
    0x00000222   0x00000006   Code   RO         1224    .ARM.Collect$$libinit$$0000000B  c_w.l(libinit2.o)(c_w.l)
    0x00000228   0x00000000   Code   RO         1226    .ARM.Collect$$libinit$$0000000D  c_w.l(libinit2.o)(c_w.l)
    0x00000228   0x0000000c   Code   RO         1227    .ARM.Collect$$libinit$$0000000E  c_w.l(libinit2.o)(c_w.l)
    0x00000234   0x00000000   Code   RO         1228    .ARM.Collect$$libinit$$0000000F  c_w.l(libinit2.o)(c_w.l)
    0x00000234   0x00000000   Code   RO         1230    .ARM.Collect$$libinit$$00000011  c_w.l(libinit2.o)(c_w.l)
    0x00000234   0x0000000a   Code   RO         1231    .ARM.Collect$$libinit$$00000012  c_w.l(libinit2.o)(c_w.l)
    0x0000023e   0x00000000   Code   RO         1232    .ARM.Collect$$libinit$$00000013  c_w.l(libinit2.o)(c_w.l)
    0x0000023e   0x00000000   Code   RO         1234    .ARM.Collect$$libinit$$00000015  c_w.l(libinit2.o)(c_w.l)
    0x0000023e   0x00000000   Code   RO         1236    .ARM.Collect$$libinit$$00000017  c_w.l(libinit2.o)(c_w.l)
    0x0000023e   0x00000000   Code   RO         1238    .ARM.Collect$$libinit$$00000019  c_w.l(libinit2.o)(c_w.l)
    0x0000023e   0x00000000   Code   RO         1240    .ARM.Collect$$libinit$$0000001B  c_w.l(libinit2.o)(c_w.l)
    0x0000023e   0x00000000   Code   RO         1242    .ARM.Collect$$libinit$$0000001D  c_w.l(libinit2.o)(c_w.l)
    0x0000023e   0x00000000   Code   RO         1244    .ARM.Collect$$libinit$$0000001F  c_w.l(libinit2.o)(c_w.l)
    0x0000023e   0x00000000   Code   RO         1246    .ARM.Collect$$libinit$$00000021  c_w.l(libinit2.o)(c_w.l)
    0x0000023e   0x00000000   Code   RO         1250    .ARM.Collect$$libinit$$00000028  c_w.l(libinit2.o)(c_w.l)
    0x0000023e   0x00000000   Code   RO         1252    .ARM.Collect$$libinit$$0000002A  c_w.l(libinit2.o)(c_w.l)
    0x0000023e   0x00000000   Code   RO         1254    .ARM.Collect$$libinit$$0000002C  c_w.l(libinit2.o)(c_w.l)
    0x0000023e   0x00000000   Code   RO         1256    .ARM.Collect$$libinit$$0000002E  c_w.l(libinit2.o)(c_w.l)
    0x0000023e   0x00000002   Code   RO         1257    .ARM.Collect$$libinit$$0000002F  c_w.l(libinit2.o)(c_w.l)
    0x00000240   0x00000000   Code   RO         1026    .ARM.Collect$$rtentry$$00000000  c_w.l(rtentry.o)(c_w.l)
    0x00000240   0x00000000   Code   RO         1122    .ARM.Collect$$rtentry$$00000002  c_w.l(rtentry2.o)(c_w.l)
    0x00000240   0x00000006   Code   RO         1137    .ARM.Collect$$rtentry$$00000004  c_w.l(rtentry4.o)(c_w.l)
    0x00000246   0x00000000   Code   RO         1124    .ARM.Collect$$rtentry$$00000009  c_w.l(rtentry2.o)(c_w.l)
    0x00000246   0x00000004   Code   RO         1125    .ARM.Collect$$rtentry$$0000000A  c_w.l(rtentry2.o)(c_w.l)
    0x0000024a   0x00000000   Code   RO         1127    .ARM.Collect$$rtentry$$0000000C  c_w.l(rtentry2.o)(c_w.l)
    0x0000024a   0x00000008   Code   RO         1128    .ARM.Collect$$rtentry$$0000000D  c_w.l(rtentry2.o)(c_w.l)
    0x00000252   0x00000002   PAD
    0x00000254   0x00000084   Code   RO            9    .text               cpu.o
    0x000002d8   0x000000e8   Code   RO           43    .text               system_init.o
    0x000003c0   0x00000064   Code   RO           94    .text               memory.o
    0x00000424   0x000000d8   Code   RO          122    .text               interrupt.o
    0x000004fc   0x00000054   Code   RO          160    .text               device.o
    0x00000550   0x000001dc   Code   RO          276    .text               ticker.o
    0x0000072c   0x000001ba   Code   RO          330    .text               can.o
    0x000008e6   0x00000002   PAD
    0x000008e8   0x00000094   Code   RO          369    .text               can_filter.o
    0x0000097c   0x00000096   Code   RO          434    .text               uart.o
    0x00000a12   0x00000002   PAD
    0x00000a14   0x0000007c   Code   RO          452    .text               uart0.o
    0x00000a90   0x00000050   Code   RO          474    .text               led2.o
    0x00000ae0   0x000003a0   Code   RO          500    .text               kernel.o
    0x00000e80   0x000001cc   Code   RO          616    .text               semaphore.o
    0x0000104c   0x00000268   Code   RO          642    .text               mailbox.o
    0x000012b4   0x000002a8   Code   RO          654    .text               pipe.o
    0x0000155c   0x00000044   Code   RO          688    .text               sysio.o
    0x000015a0   0x000000fc   Code   RO          735    .text               bit.o
    0x0000169c   0x000004e0   Code   RO          747    .text               malloc.o
    0x00001b7c   0x00000514   Code   RO          873    .text               printk.o
    0x00002090   0x00000154   Code   RO          898    .text               console.o
    0x000021e4   0x00000154   Code   RO          918    .text               commmand.o
    0x00002338   0x00000084   Code   RO          943  * .text               main.o
    0x000023bc   0x0000000c   Code   RO          988    .text               thread_1.o
    0x000023c8   0x0000000c   Code   RO         1000    .text               thread_2.o
    0x000023d4   0x00000024   Code   RO         1014    .text               c_w.l(c89vsprintf.o)(c_w.l)
    0x000023f8   0x0000004e   Code   RO         1016    .text               c_w.l(memcmp.o)(c_w.l)
    0x00002446   0x0000003e   Code   RO         1018    .text               c_w.l(strlen.o)(c_w.l)
    0x00002484   0x0000008a   Code   RO         1020    .text               c_w.l(rt_memcpy_v6.o)(c_w.l)
    0x0000250e   0x0000004e   Code   RO         1022    .text               c_w.l(rt_memclr_w.o)(c_w.l)
    0x0000255c   0x00000050   Code   RO         1030    .text               c_w.l(_printf_pad.o)(c_w.l)
    0x000025ac   0x00000024   Code   RO         1032    .text               c_w.l(_printf_truncate.o)(c_w.l)
    0x000025d0   0x00000052   Code   RO         1034    .text               c_w.l(_printf_str.o)(c_w.l)
    0x00002622   0x00000002   PAD
    0x00002624   0x00000074   Code   RO         1036    .text               c_w.l(_printf_dec.o)(c_w.l)
    0x00002698   0x0000002a   Code   RO         1038    .text               c_w.l(_printf_charcount.o)(c_w.l)
    0x000026c2   0x00000002   PAD
    0x000026c4   0x00000030   Code   RO         1040    .text               c_w.l(_printf_char_common.o)(c_w.l)
    0x000026f4   0x0000000a   Code   RO         1042    .text               c_w.l(_sputc.o)(c_w.l)
    0x000026fe   0x00000002   PAD
    0x00002700   0x000000bc   Code   RO         1044    .text               c_w.l(_printf_wctomb.o)(c_w.l)
    0x000027bc   0x00000078   Code   RO         1047    .text               c_w.l(_printf_longlong_dec.o)(c_w.l)
    0x00002834   0x00000078   Code   RO         1053    .text               c_w.l(_printf_oct_int_ll.o)(c_w.l)
    0x000028ac   0x0000009c   Code   RO         1073    .text               c_w.l(_printf_hex_int_ll_ptr.o)(c_w.l)
    0x00002948   0x0000019c   Code   RO         1091    .text               c_w.l(__printf_flags_ss_wp.o)(c_w.l)
    0x00002ae4   0x00000064   Code   RO         1117    .text               c_w.l(rt_memcpy_w.o)(c_w.l)
    0x00002b48   0x0000008a   Code   RO         1139    .text               c_w.l(lludiv10.o)(c_w.l)
    0x00002bd2   0x000000b4   Code   RO         1141    .text               c_w.l(_printf_intcommon.o)(c_w.l)
    0x00002c86   0x0000040e   Code   RO         1143    .text               c_w.l(_printf_fp_dec.o)(c_w.l)
    0x00003094   0x0000002c   Code   RO         1147    .text               c_w.l(_printf_char.o)(c_w.l)
    0x000030c0   0x0000002c   Code   RO         1149    .text               c_w.l(_printf_wchar.o)(c_w.l)
    0x000030ec   0x00000040   Code   RO         1152    .text               c_w.l(_wcrtomb.o)(c_w.l)
    0x0000312c   0x00000010   Code   RO         1154    .text               c_w.l(rtudiv10.o)(c_w.l)
    0x0000313c   0x0000004a   Code   RO         1156    .text               c_w.l(sys_stackheap_outer.o)(c_w.l)
    0x00003186   0x00000002   PAD
    0x00003188   0x00000010   Code   RO         1158    .text               c_w.l(rt_ctype_table.o)(c_w.l)
    0x00003198   0x0000000c   Code   RO         1163    .text               c_w.l(rt_locale_intlibspace.o)(c_w.l)
    0x000031a4   0x0000007c   Code   RO         1165    .text               c_w.l(_printf_fp_infnan.o)(c_w.l)
    0x00003220   0x000000ec   Code   RO         1167    .text               c_w.l(bigflt0.o)(c_w.l)
    0x0000330c   0x00000008   Code   RO         1207    .text               c_w.l(libspace.o)(c_w.l)
    0x00003314   0x00000030   Code   RO         1210    .text               c_w.l(sys_stackheap.o)(c_w.l)
    0x00003344   0x00000080   Code   RO         1215    .text               c_w.l(strcmpv7m.o)(c_w.l)
    0x000033c4   0x00000002   Code   RO         1260    .text               c_w.l(use_no_semi.o)(c_w.l)
    0x000033c6   0x00000002   PAD
    0x000033c8   0x0000000c   Code   RO         1265    .text               c_w.l(rt_fp_status_addr_intlibspace.o)(c_w.l)
    0x000033d4   0x0000003e   Code   RO         1170    CL$$btod_d2e        c_w.l(btod.o)(c_w.l)
    0x00003412   0x00000046   Code   RO         1172    CL$$btod_d2e_denorm_low  c_w.l(btod.o)(c_w.l)
    0x00003458   0x00000060   Code   RO         1171    CL$$btod_d2e_norm_op1  c_w.l(btod.o)(c_w.l)
    0x000034b8   0x00000338   Code   RO         1180    CL$$btod_div_common  c_w.l(btod.o)(c_w.l)
    0x000037f0   0x000000c6   Code   RO         1177    CL$$btod_e2e        c_w.l(btod.o)(c_w.l)
    0x000038b6   0x00000028   Code   RO         1174    CL$$btod_ediv       c_w.l(btod.o)(c_w.l)
    0x000038de   0x00000028   Code   RO         1173    CL$$btod_emul       c_w.l(btod.o)(c_w.l)
    0x00003906   0x00000244   Code   RO         1179    CL$$btod_mult_common  c_w.l(btod.o)(c_w.l)
    0x00003b4a   0x00000006   Code   RO          513    i.OS_thread_switch  kernel.o
    0x00003b50   0x00000028   Code   RO         1205    i.__ARM_fpclassify  m_ws.l(fpclassify.o)(m_ws.l)
    0x00003b78   0x0000000c   Code   RO          783    i.align_upside      malloc.o
    0x00003b84   0x00000008   Code   RO          518    i.atom_operate_lock  kernel.o
    0x00003b8c   0x0000000c   Code   RO          523    i.atom_operate_unlock  kernel.o
    0x00003b98   0x00000032   Code   RO          339    i.can_ctrl_mode     can.o
    0x00003bca   0x00000008   Code   RO           57    i.dword_set_bits    system_init.o
    0x00003bd2   0x00000002   PAD
    0x00003bd4   0x00000018   Code   RO          287    i.get_left_time     ticker.o
    0x00003bec   0x00000010   Code   RO          793    i.get_same_chunk_group  malloc.o
    0x00003bfc   0x000000b4   Code   RO          765    i.insert_large_chunk  malloc.o
    0x00003cb0   0x00000010   Code   RO          803    i.is_small          malloc.o
    0x00003cc0   0x00000012   Code   RO          798    i.leftshift_for_tree_index  malloc.o
    0x00003cd2   0x0000000e   Code   RO          808    i.letfmost_child    malloc.o
    0x00003ce0   0x0000000e   Code   RO          663    i.min               pipe.o
    0x00003cee   0x00000002   PAD
    0x00003cf0   0x00000024   Code   RO          292    i.set_time          ticker.o
    0x00003d14   0x0000000a   Code   RO          788    i.test_bit          malloc.o
    0x00003d1e   0x00000066   Code   RO          759    i.tree_size_to_index  malloc.o
    0x00003d84   0x00000044   Code   RO          777    i.unlink_chunk      malloc.o
    0x00003dc8   0x000000a4   Code   RO          771    i.unlink_large_chunk  malloc.o
    0x00003e6c   0x00000004   Code   RO           52    i.write_dword       system_init.o
    0x00003e70   0x0000002c   Code   RO         1193    locale$$code        c_w.l(lc_numeric_c.o)(c_w.l)
    0x00003e9c   0x0000002c   Code   RO         1213    locale$$code        c_w.l(lc_ctype_c.o)(c_w.l)
    0x00003ec8   0x00000074   Code   RO          118    system_call         syscall.o
    0x00003f3c   0x0000000e   Code   RO         1258    x$fpl$fpinit        fz_ws.l(fpinit.o)(fz_ws.l)
    0x00003f4a   0x00000004   Code   RO         1119    x$fpl$printf1       fz_ws.l(printf1.o)(fz_ws.l)
    0x00003f4e   0x00000000   Code   RO         1204    x$fpl$usenofp       fz_ws.l(usenofp.o)(fz_ws.l)
    0x00003f4e   0x00000002   PAD
    0x00003f50   0x00000014   Data   RO           95    .constdata          memory.o
    0x00003f64   0x0000005d   Data   RO          161    .constdata          device.o
    0x00003fc1   0x00000003   PAD
    0x00003fc4   0x00000018   Data   RO          453    .constdata          uart0.o
    0x00003fdc   0x0000000c   Data   RO          475    .constdata          led2.o
    0x00003fe8   0x00000056   Data   RO          749    .constdata          malloc.o
    0x0000403e   0x00000002   PAD
    0x00004040   0x00000107   Data   RO          919    .constdata          commmand.o
    0x00004147   0x0000025b   Data   RO          944    .constdata          main.o
    0x000043a2   0x00000002   PAD
    0x000043a4   0x00000008   Data   RO         1045    .constdata          c_w.l(_printf_wctomb.o)(c_w.l)
    0x000043ac   0x00000028   Data   RO         1074    .constdata          c_w.l(_printf_hex_int_ll_ptr.o)(c_w.l)
    0x000043d4   0x00000011   Data   RO         1092    .constdata          c_w.l(__printf_flags_ss_wp.o)(c_w.l)
    0x000043e5   0x00000003   PAD
    0x000043e8   0x00000094   Data   RO         1168    .constdata          c_w.l(bigflt0.o)(c_w.l)
    0x0000447c   0x00000051   Data   RO          900    .conststring        console.o
    0x000044cd   0x00000011   Data   RO           10    .conststrlit        cpu.o
    0x000044de   0x0000000e   Data   RO           96    .conststrlit        memory.o
    0x000044ec   0x00000012   Data   RO          454    .conststrlit        uart0.o
    0x000044fe   0x00000010   Data   RO          476    .conststrlit        led2.o
    0x0000450e   0x00000062   Data   RO          920    .conststrlit        commmand.o
    0x00004570   0x00000030   Data   RO         1313    Region$$Table       anon$$obj.o
    0x000045a0   0x0000000c   Data   RO           11    aConsoleServices    cpu.o
    0x000045ac   0x0000000c   Data   RO           97    aConsoleServices    memory.o
    0x000045b8   0x00000054   Data   RO          921    aConsoleServices    commmand.o
    0x0000460c   0x0000000c   Data   RO          455    aDeviceList         uart0.o
    0x00004618   0x0000000c   Data   RO          477    aDeviceList         led2.o
    0x00004624   0x0000001c   Data   RO         1192    locale$$data        c_w.l(lc_numeric_c.o)(c_w.l)
    0x00004640   0x00000110   Data   RO         1212    locale$$data        c_w.l(lc_ctype_c.o)(c_w.l)


    Execution Region SYSTEM (Base: 0x10000000, Size: 0x00000800, Max: 0xffffffff, ABSOLUTE)

    Base Addr    Size         Type   Attr      Idx    E Section Name        Object

    0x10000000   0x00000800   Zero   RW            2    System              boot.o


    Execution Region HeapBase1 (Base: 0x10000800, Size: 0x00000000, Max: 0xffffffff, ABSOLUTE, UNINIT)

    Base Addr    Size         Type   Attr      Idx    E Section Name        Object

    0x10000800   0x00000000   Data   RW         1315    linker$$defined$$symbols  anon$$obj.o
    0x10000800   0x00000000   Zero   RW            4    Heap                boot.o


    Execution Region RW (Base: 0x2007ea70, Size: 0x000007bc, Max: 0x00008000, ABSOLUTE)

    Base Addr    Size         Type   Attr      Idx    E Section Name        Object

    0x2007ea70   0x00000001   Data   RW          123    .data               interrupt.o
    0x2007ea71   0x00000003   PAD
    0x2007ea74   0x00000004   Data   RW          277    .data               ticker.o
    0x2007ea78   0x0000000c   Data   RW          370    .data               can_filter.o
    0x2007ea84   0x00000014   Data   RW          502    .data               kernel.o
    0x2007ea98   0x00000024   Data   RW          901    .data               console.o
    0x2007eabc   0x0000053c   Zero   RW          501    .bss                kernel.o
    0x2007eff8   0x000001a0   Zero   RW          748    .bss                malloc.o
    0x2007f198   0x00000032   Zero   RW          899    .bss                console.o
    0x2007f1ca   0x00000002   PAD
    0x2007f1cc   0x00000060   Zero   RW         1208    .bss                c_w.l(libspace.o)(c_w.l)


    Execution Region HeapBase2 (Base: 0x2007f22c, Size: 0x00000000, Max: 0xffffffff, ABSOLUTE, UNINIT)

    Base Addr    Size         Type   Attr      Idx    E Section Name        Object

    0x2007f22c   0x00000000   Data   RW         1316    linker$$defined$$symbols  anon$$obj.o
    0x2007f22c   0x00000000   Zero   RW            3    Stack               boot.o


==============================================================================

Image component sizes


      Code (inc. data)   RO Data    RW Data    ZI Data      Debug   Object Name

       252          8          0          0          0          0   bit.o
       280        222          0          0       2048          0   boot.o
       492          0          0          0          0          0   can.o
         0          0          0          0          0          0   can0.o
       148         18          0         12          0          0   can_filter.o
       340        112        445          0          0          0   commmand.o
       340         84         81         36         50          0   console.o
       132         12         29          0          0          0   cpu.o
        84         40         93          0          0          0   device.o
       216         22          0          1          0          0   interrupt.o
       954         56          0         20       1340          0   kernel.o
        80          8         40          0          0          0   led2.o
       616         12          0          0          0          0   mailbox.o
       132         40        603          0          0          0   main.o
      1848        292         86          0        416          0   malloc.o
       100         40         46          0          0          0   memory.o
         0          0          0          0          0          0   millisecond.o
       694         14          0          0          0          0   pipe.o
      1300         90          0          0          0          0   printk.o
       460         14          0          0          0          0   semaphore.o
       116          8          0          0          0          0   syscall.o
        68          4          0          0          0          0   sysio.o
       244         14          0          0          0          0   system_init.o
        12          0          0          0          0          0   thread_1.o
        12          0          0          0          0          0   thread_2.o
       536         36          0          4          0          0   ticker.o
       150          0          0          0          0          0   uart.o
       124         12         54          0          0          0   uart0.o

    ----------------------------------------------------------------------
      9738       1158       1532         76       3856          0   Object Totals
         0          0         48          0          0          0   (incl. Generated)
         8          0          7          3          2          3   (incl. Padding)

    ----------------------------------------------------------------------

      Code (inc. data)   RO Data    RW Data    ZI Data      Debug   Library Member Name

         8          0          0          0          0          0   __main.o
       412          6         17          0          0          0   __printf_flags_ss_wp.o
        52          8          0          0          0          0   __scatter.o
        26          0          0          0          0          0   __scatter_copy.o
        28          0          0          0          0          0   __scatter_zi.o
         6          0          0          0          0          0   _printf_a.o
         6          0          0          0          0          0   _printf_c.o
        44          0          0          0          0          0   _printf_char.o
        48          6          0          0          0          0   _printf_char_common.o
        42          0          0          0          0          0   _printf_charcount.o
         6          0          0          0          0          0   _printf_d.o
       116         18          0          0          0          0   _printf_dec.o
         6          0          0          0          0          0   _printf_e.o
         6          0          0          0          0          0   _printf_f.o
      1038          0          0          0          0          0   _printf_fp_dec.o
       124         16          0          0          0          0   _printf_fp_infnan.o
         6          0          0          0          0          0   _printf_g.o
       156          6         40          0          0          0   _printf_hex_int_ll_ptr.o
         6          0          0          0          0          0   _printf_i.o
       180          0          0          0          0          0   _printf_intcommon.o
        10          0          0          0          0          0   _printf_l.o
         6          0          0          0          0          0   _printf_lc.o
        10          0          0          0          0          0   _printf_ll.o
         6          0          0          0          0          0   _printf_lld.o
         6          0          0          0          0          0   _printf_lli.o
         6          0          0          0          0          0   _printf_llo.o
         6          0          0          0          0          0   _printf_llu.o
         6          0          0          0          0          0   _printf_llx.o
       120         16          0          0          0          0   _printf_longlong_dec.o
         6          0          0          0          0          0   _printf_ls.o
         6          0          0          0          0          0   _printf_n.o
         6          0          0          0          0          0   _printf_o.o
       120          8          0          0          0          0   _printf_oct_int_ll.o
         6          0          0          0          0          0   _printf_p.o
        80          0          0          0          0          0   _printf_pad.o
         0          0          0          0          0          0   _printf_percent.o
         4          0          0          0          0          0   _printf_percent_end.o
         6          0          0          0          0          0   _printf_s.o
        82          0          0          0          0          0   _printf_str.o
        36          0          0          0          0          0   _printf_truncate.o
         6          0          0          0          0          0   _printf_u.o
        44          0          0          0          0          0   _printf_wchar.o
       188          6          8          0          0          0   _printf_wctomb.o
         6          0          0          0          0          0   _printf_x.o
        10          0          0          0          0          0   _sputc.o
        64          0          0          0          0          0   _wcrtomb.o
       236          6        148          0          0          0   bigflt0.o
      1910        128          0          0          0          0   btod.o
        36          4          0          0          0          0   c89vsprintf.o
        44         10        272          0          0          0   lc_ctype_c.o
        44         10         28          0          0          0   lc_numeric_c.o
         6          0          0          0          0          0   libinit.o
        30          0          0          0          0          0   libinit2.o
         8          4          0          0         96          0   libspace.o
       138          0          0          0          0          0   lludiv10.o
        78          0          0          0          0          0   memcmp.o
        16          4          0          0          0          0   rt_ctype_table.o
        12          4          0          0          0          0   rt_fp_status_addr_intlibspace.o
        12          4          0          0          0          0   rt_locale_intlibspace.o
        78          0          0          0          0          0   rt_memclr_w.o
       138          0          0          0          0          0   rt_memcpy_v6.o
       100          0          0          0          0          0   rt_memcpy_w.o
         0          0          0          0          0          0   rtentry.o
        12          0          0          0          0          0   rtentry2.o
         6          0          0          0          0          0   rtentry4.o
        16          0          0          0          0          0   rtudiv10.o
       128          0          0          0          0          0   strcmpv7m.o
        62          0          0          0          0          0   strlen.o
        48          8          0          0          0          0   sys_stackheap.o
        74          0          0          0          0          0   sys_stackheap_outer.o
         2          0          0          0          0          0   use_no_semi.o
        14          0          0          0          0          0   fpinit.o
         4          0          0          0          0          0   printf1.o
         0          0          0          0          0          0   usenofp.o
        40          0          0          0          0          0   fpclassify.o

    ----------------------------------------------------------------------
      6470        272        516          0         96          0   Library Totals
        16          0          3          0          0          0   (incl. Padding)

    ----------------------------------------------------------------------

      Code (inc. data)   RO Data    RW Data    ZI Data      Debug   Library Name

      6396        272        513          0         96       4020   c_w.l
        18          0          0          0          0        144   fz_ws.l
        40          0          0          0          0         68   m_ws.l

    ----------------------------------------------------------------------
      6470        272        516          0         96          0   Library Totals

    ----------------------------------------------------------------------

==============================================================================


      Code (inc. data)   RO Data    RW Data    ZI Data      Debug   

     16208       1430       2048         76       3952     112860   Grand Totals
     16208       1430       2048         76       3952     112860   ELF Image Totals
     16208       1430       2048         76          0          0   ROM Totals

==============================================================================

    Total RO  Size (Code + RO Data)                18256 (  17.83kB)
    Total RW  Size (RW Data + ZI Data)              4028 (   3.93kB)
    Total ROM Size (Code + RO Data + RW Data)      18332 (  17.90kB)

==============================================================================

